[COMPARE LOG] Sun 21 Sep 2025 05:09:35 PM UTC
\n===== Compare MERGE_OUT_5 vs BASELINE_CKPT_5 =====
MERGE_OUT_5=/home/ERNIE/examples/pre-training/merge_ckpt_5
BASELINE_CKPT_5=/home/ERNIE/examples/pre-training/temp0/TP2(EP2)_to_DP4/checkpoint-5

[ONLY DIR2] keys: 2
ernie.layers.1.mlp.gate.weight.w_0
ernie.layers.2.mlp.gate.weight.w_0

[MISMATCH] ernie.layers.2.mlp.shared_experts.up_gate_proj.weight.moment1_0:
  dir1 shape: [320, 6144], dtype: paddle.float32
  dir2 shape: [320, 6144], dtype: paddle.float32
  dir1 values (first 10): [-8.7050012e-06  1.5034751e-06  4.0803111e-06  1.4736127e-05
 -6.0643575e-05  5.7008979e-06  4.4066259e-05 -1.2802239e-05
 -2.7830140e-05 -8.9528185e-05]
  dir2 values (first 10): [-8.7050012e-06  1.5034751e-06  4.0803111e-06  1.4736127e-05
 -6.0643575e-05  5.7008979e-06  4.4066259e-05 -1.2802239e-05
 -2.7830140e-05 -8.9528185e-05]
  max diff: 0.0005168236675672233
  mean diff: 1.6238198440987617e-05

[MISMATCH] ernie.layers.2.mlp.shared_experts.up_gate_proj.weight.moment2_0:
  dir1 shape: [320, 6144], dtype: paddle.float32
  dir2 shape: [320, 6144], dtype: paddle.float32
  dir1 values (first 10): [5.76764969e-10 1.14224452e-09 1.46464937e-10 9.55390878e-10
 6.21846796e-09 4.58711819e-10 3.65989217e-09 9.01998365e-10
 1.50435675e-09 1.14944685e-08]
  dir2 values (first 10): [5.76764969e-10 1.14224452e-09 1.46464937e-10 9.55390878e-10
 6.21846796e-09 4.58711819e-10 3.65989217e-09 9.01998365e-10
 1.50435675e-09 1.14944685e-08]
  max diff: 3.449289351920015e-07
  mean diff: 1.1163385771340018e-09

[MISMATCH] ernie.layers.2.mlp.shared_experts.up_gate_proj.weight.w_0:
  dir1 shape: [320, 6144], dtype: paddle.float32
  dir2 shape: [320, 6144], dtype: paddle.float32
  dir1 values (first 10): [-3.8695872e-02  9.8876636e-03  2.5038639e-02 -8.2636671e-03
 -1.2083510e-02  2.5954084e-02  6.3902594e-02  1.3947428e-02
 -5.0718956e-02  3.3325684e-06]
  dir2 values (first 10): [-3.8695872e-02  9.8876636e-03  2.5038639e-02 -8.2636671e-03
 -1.2083510e-02  2.5954084e-02  6.3902594e-02  1.3947428e-02
 -5.0718956e-02  3.3325684e-06]
  max diff: 0.21960605680942535
  mean diff: 0.018209727481007576

[MISMATCH] keys: 3
ernie.layers.2.mlp.shared_experts.up_gate_proj.weight.moment1_0 | dir1:[320, 6144] != dir2:[320, 6144]
ernie.layers.2.mlp.shared_experts.up_gate_proj.weight.moment2_0 | dir1:[320, 6144] != dir2:[320, 6144]
ernie.layers.2.mlp.shared_experts.up_gate_proj.weight.w_0 | dir1:[320, 6144] != dir2:[320, 6144]

md5比较失败
\n===== Compare MERGE_OUT_6 vs BASELINE_CKPT_5 =====
MERGE_OUT_6=/home/ERNIE/examples/pre-training/merge_ckpt_6
BASELINE_CKPT_5=/home/ERNIE/examples/pre-training/temp0/TP2(EP2)_to_DP4/checkpoint-5

[ONLY DIR2] keys: 2
ernie.layers.1.mlp.gate.weight.w_0
ernie.layers.2.mlp.gate.weight.w_0

[MISMATCH] ernie.layers.2.mlp.shared_experts.up_gate_proj.weight.moment1_0:
  dir1 shape: [320, 6144], dtype: paddle.float32
  dir2 shape: [320, 6144], dtype: paddle.float32
  dir1 values (first 10): [-8.7050012e-06  1.5034751e-06  4.0803111e-06  1.4736127e-05
 -6.0643575e-05  5.7008979e-06  4.4066259e-05 -1.2802239e-05
 -2.7830140e-05 -8.9528185e-05]
  dir2 values (first 10): [-8.7050012e-06  1.5034751e-06  4.0803111e-06  1.4736127e-05
 -6.0643575e-05  5.7008979e-06  4.4066259e-05 -1.2802239e-05
 -2.7830140e-05 -8.9528185e-05]
  max diff: 0.0005168236675672233
  mean diff: 1.6238198440987617e-05

[MISMATCH] ernie.layers.2.mlp.shared_experts.up_gate_proj.weight.moment2_0:
  dir1 shape: [320, 6144], dtype: paddle.float32
  dir2 shape: [320, 6144], dtype: paddle.float32
  dir1 values (first 10): [5.76764969e-10 1.14224452e-09 1.46464937e-10 9.55390878e-10
 6.21846796e-09 4.58711819e-10 3.65989217e-09 9.01998365e-10
 1.50435675e-09 1.14944685e-08]
  dir2 values (first 10): [5.76764969e-10 1.14224452e-09 1.46464937e-10 9.55390878e-10
 6.21846796e-09 4.58711819e-10 3.65989217e-09 9.01998365e-10
 1.50435675e-09 1.14944685e-08]
  max diff: 3.449289351920015e-07
  mean diff: 1.1163385771340018e-09

[MISMATCH] ernie.layers.2.mlp.shared_experts.up_gate_proj.weight.w_0:
  dir1 shape: [320, 6144], dtype: paddle.float32
  dir2 shape: [320, 6144], dtype: paddle.float32
  dir1 values (first 10): [-3.8695872e-02  9.8876636e-03  2.5038639e-02 -8.2636671e-03
 -1.2083510e-02  2.5954084e-02  6.3902594e-02  1.3947428e-02
 -5.0718956e-02  3.3325684e-06]
  dir2 values (first 10): [-3.8695872e-02  9.8876636e-03  2.5038639e-02 -8.2636671e-03
 -1.2083510e-02  2.5954084e-02  6.3902594e-02  1.3947428e-02
 -5.0718956e-02  3.3325684e-06]
  max diff: 0.21960605680942535
  mean diff: 0.018209727481007576

[MISMATCH] keys: 3
ernie.layers.2.mlp.shared_experts.up_gate_proj.weight.moment1_0 | dir1:[320, 6144] != dir2:[320, 6144]
ernie.layers.2.mlp.shared_experts.up_gate_proj.weight.moment2_0 | dir1:[320, 6144] != dir2:[320, 6144]
ernie.layers.2.mlp.shared_experts.up_gate_proj.weight.w_0 | dir1:[320, 6144] != dir2:[320, 6144]

md5比较失败
